[2026-08-29T12:22:18Z] p5-fin-mixed-k40-1         no_validation damage=0.0010383054458864053 (23.21s)
[2026-08-29T12:23:32Z] p5-fin-mixed-k40-1         fact_financials,stg_daily_market       NRD=  0.749112 clean=0.0 (35.18s)
[2026-08-29T12:24:45Z] p5-fin-mixed-k40-1         fact_financials                        NRD=  0.749112 clean=0.0 (36.33s)
[2026-08-29T12:25:55Z] p5-fin-mixed-k40-1         fact_financials,stg_daily_market       NRD=  0.669545 clean=0.0 (34.54s)
[2026-08-29T12:27:08Z] p5-fin-mixed-k40-1         fact_financials                        NRD=  0.669545 clean=0.0 (36.39s)
[2026-08-29T12:28:21Z] p5-fin-mixed-k40-1         stg_financial,fact_financials,stg_dail NRD= 92.398389 clean=0.0950030517235714 (35.41s)
[2026-08-29T12:29:05Z] p5-fin-mixed-k40-1         stg_financial,stg_daily_market         NRD= 92.398389 clean=0.0950030517235714 (21.39s)
[2026-08-29T12:29:47Z] p5-fin-mixed-k40-1         stg_financial                          NRD= 92.398389 clean=0.0950030517235714 (20.86s)
[2026-08-29T12:30:10Z] p5-fin-mixed-k40-2         no_validation damage=0.0007776172289938087 (21.7s)
[2026-08-29T12:31:21Z] p5-fin-mixed-k40-2         fact_financials,stg_daily_market       NRD=  0.665005 clean=0.0 (35.86s)
[2026-08-29T12:32:24Z] p5-fin-mixed-k40-2         fact_financials                        NRD=  0.665005 clean=0.0 (30.34s)
[2026-08-29T12:33:37Z] p5-fin-mixed-k40-2         fact_financials,stg_daily_market       NRD=  0.550401 clean=0.0 (33.95s)
[2026-08-29T12:35:16Z] p5-fin-mixed-k40-2         fact_financials                        NRD=  0.550401 clean=0.0 (48.54s)
[2026-08-29T12:36:57Z] p5-fin-mixed-k40-2         stg_financial,fact_financials,stg_dail NRD=123.272896 clean=0.0950030517235714 (49.23s)
[2026-08-29T12:38:00Z] p5-fin-mixed-k40-2         stg_financial,stg_daily_market         NRD=123.272896 clean=0.0950030517235714 (31.96s)
[2026-08-29T12:39:03Z] p5-fin-mixed-k40-2         stg_financial                          NRD=123.272896 clean=0.0950030517235714 (29.59s)
[2026-08-29T12:39:34Z] p5-fin-mixed-k40-3         no_validation damage=0.0009079613374401069 (30.12s)
[2026-08-29T12:41:17Z] p5-fin-mixed-k40-3         fact_financials,stg_daily_market       NRD=  0.713096 clean=0.0 (52.12s)
[2026-08-29T12:43:00Z] p5-fin-mixed-k40-3         fact_financials                        NRD=  0.713096 clean=0.0 (49.5s)
[2026-08-29T12:44:41Z] p5-fin-mixed-k40-3         fact_financials,stg_daily_market       NRD=  0.622106 clean=0.0 (50.43s)
[2026-08-29T12:46:23Z] p5-fin-mixed-k40-3         fact_financials                        NRD=  0.622106 clean=0.0 (50.05s)
[2026-08-29T12:48:03Z] p5-fin-mixed-k40-3         stg_financial,fact_financials,stg_dail NRD=105.715361 clean=0.0950030517235714 (48.45s)
[2026-08-29T12:49:06Z] p5-fin-mixed-k40-3         stg_financial,stg_daily_market         NRD=105.715361 clean=0.0950030517235714 (30.44s)
[2026-08-29T12:50:07Z] p5-fin-mixed-k40-3         stg_financial                          NRD=105.715361 clean=0.0950030517235714 (30.2s)
[2026-08-29T12:50:37Z] p5-fin-mixed-k40-4         no_validation damage=0.0006472731205475105 (29.17s)
[2026-08-29T12:52:19Z] p5-fin-mixed-k40-4         fact_financials,stg_daily_market       NRD=  0.597545 clean=0.0 (50.1s)
[2026-08-29T12:54:00Z] p5-fin-mixed-k40-4         fact_financials                        NRD=  0.597545 clean=0.0 (50.09s)
[2026-08-29T12:55:44Z] p5-fin-mixed-k40-4         fact_financials,stg_daily_market       NRD=  0.490000 clean=0.0 (50.86s)
[2026-08-29T12:57:24Z] p5-fin-mixed-k40-4         fact_financials                        NRD=  0.490000 clean=0.0 (48.72s)
[2026-08-29T12:59:04Z] p5-fin-mixed-k40-4         stg_financial,fact_financials,stg_dail NRD=147.483994 clean=0.0950030517235714 (48.6s)
[2026-08-29T12:59:57Z] p5-fin-mixed-k40-4         stg_financial,stg_daily_market         NRD=147.483994 clean=0.0950030517235714 (25.98s)
[2026-08-29T13:00:51Z] p5-fin-mixed-k40-4         stg_financial                          NRD=147.483994 clean=0.0950030517235714 (26.82s)

[2026-08-29T13:00:51Z] DONE rows=32 failures=0 dbt_steps=360
artifact: /home/u0020090017/projects/lineageguard_claude/tpcdi/out-p5-S3/p5-measurement-mixed-k40-1_mixed-k40-2_mixed-k40-3_mixed-k40-4.json
sha256  : cebe33bd2ae10a3937eca28a6b0663da721bb10bf8cb64bf27c9918dcca4551b
