[2026-08-29T12:22:18Z] p5-fin-dup-k1-1            no_validation damage=1.3024903615713245e-05 (23.15s)
[2026-08-29T12:23:34Z] p5-fin-dup-k1-1            fact_financials,stg_daily_market       NRD=  0.000000 clean=0.0 (36.05s)
[2026-08-29T12:24:46Z] p5-fin-dup-k1-1            fact_financials                        NRD=  0.000000 clean=0.0 (35.27s)
[2026-08-29T12:25:55Z] p5-fin-dup-k1-1            fact_financials,stg_daily_market       NRD=  0.000000 clean=0.0 (34.78s)
[2026-08-29T12:27:08Z] p5-fin-dup-k1-1            fact_financials                        NRD=  0.000000 clean=0.0 (36.2s)
[2026-08-29T12:28:21Z] p5-fin-dup-k1-1            stg_financial,fact_financials,stg_dail NRD=7293.954299 clean=0.0950030517235714 (35.42s)
[2026-08-29T12:29:04Z] p5-fin-dup-k1-1            stg_financial,stg_daily_market         NRD=7293.954299 clean=0.0950030517235714 (20.37s)
[2026-08-29T12:29:46Z] p5-fin-dup-k1-1            stg_financial                          NRD=7293.954299 clean=0.0950030517235714 (20.63s)
[2026-08-29T12:30:08Z] p5-fin-dup-k100-1          no_validation damage=0.0012894654579556112 (21.35s)
[2026-08-29T12:31:20Z] p5-fin-dup-k100-1          fact_financials,stg_daily_market       NRD=  0.000000 clean=0.0 (35.92s)
[2026-08-29T12:32:23Z] p5-fin-dup-k100-1          fact_financials                        NRD=  0.000000 clean=0.0 (30.75s)
[2026-08-29T12:33:34Z] p5-fin-dup-k100-1          fact_financials,stg_daily_market       NRD=  0.000000 clean=0.0 (32.93s)
[2026-08-29T12:35:15Z] p5-fin-dup-k100-1          fact_financials                        NRD=  0.000000 clean=0.0 (50.67s)
[2026-08-29T12:36:58Z] p5-fin-dup-k100-1          stg_financial,fact_financials,stg_dail NRD= 74.913461 clean=0.0950030517235714 (50.23s)
[2026-08-29T12:38:01Z] p5-fin-dup-k100-1          stg_financial,stg_daily_market         NRD= 74.913461 clean=0.0950030517235714 (31.25s)
[2026-08-29T12:39:02Z] p5-fin-dup-k100-1          stg_financial                          NRD= 74.913461 clean=0.0950030517235714 (30.06s)
[2026-08-29T12:39:33Z] p5-fin-null-k10-1          no_validation damage=0.00032373163256292105 (30.04s)
[2026-08-29T12:41:16Z] p5-fin-null-k10-1          fact_financials,stg_daily_market       NRD=  1.000000 clean=0.0 (52.02s)
[2026-08-29T12:42:57Z] p5-fin-null-k10-1          fact_financials                        NRD=  1.000000 clean=0.0 (49.18s)
[2026-08-29T12:44:41Z] p5-fin-null-k10-1          fact_financials,stg_daily_market       NRD=  1.000000 clean=0.0 (51.29s)
[2026-08-29T12:46:24Z] p5-fin-null-k10-1          fact_financials                        NRD=  1.000000 clean=0.0 (50.93s)
[2026-08-29T12:48:02Z] p5-fin-null-k10-1          stg_financial,fact_financials,stg_dail NRD=294.077822 clean=0.0950030517235714 (48.95s)
[2026-08-29T12:49:04Z] p5-fin-null-k10-1          stg_financial,stg_daily_market         NRD=294.077822 clean=0.0950030517235714 (30.73s)
[2026-08-29T12:50:07Z] p5-fin-null-k10-1          stg_financial                          NRD=294.077822 clean=0.0950030517235714 (31.01s)
[2026-08-29T12:50:36Z] p5-fin-null-k10-2          no_validation damage=0.0001933875241166228 (28.68s)
[2026-08-29T12:52:21Z] p5-fin-null-k10-2          fact_financials,stg_daily_market       NRD=  1.000000 clean=0.0 (50.4s)
[2026-08-29T12:54:05Z] p5-fin-null-k10-2          fact_financials                        NRD=  1.000000 clean=0.0 (50.72s)
[2026-08-29T12:55:46Z] p5-fin-null-k10-2          fact_financials,stg_daily_market       NRD=  1.000000 clean=0.0 (49.87s)
[2026-08-29T12:57:27Z] p5-fin-null-k10-2          fact_financials                        NRD=  1.000000 clean=0.0 (49.93s)
[2026-08-29T12:59:06Z] p5-fin-null-k10-2          stg_financial,fact_financials,stg_dail NRD=491.821278 clean=0.0950030517235714 (49.79s)
[2026-08-29T12:59:59Z] p5-fin-null-k10-2          stg_financial,stg_daily_market         NRD=491.821278 clean=0.0950030517235714 (25.96s)
[2026-08-29T13:00:52Z] p5-fin-null-k10-2          stg_financial                          NRD=491.821278 clean=0.0950030517235714 (26.23s)

[2026-08-29T13:00:52Z] DONE rows=32 failures=0 dbt_steps=360
artifact: /home/u0020090017/projects/lineageguard_claude/tpcdi/out-p5-S2/p5-measurement-fin-dup_fin-null.json
sha256  : 1810c9cbb644462479768c90ce38715c50fe8c9ca82336804bb38e81055e6447
