[2026-08-29T12:22:19Z] p5-fin-mixed-k40-5         no_validation damage=0.0006472731205475105 (24.2s)
[2026-08-29T12:23:33Z] p5-fin-mixed-k40-5         fact_financials,stg_daily_market       NRD=  0.597545 clean=0.0 (35.51s)
[2026-08-29T12:24:45Z] p5-fin-mixed-k40-5         fact_financials                        NRD=  0.597545 clean=0.0 (35.85s)
[2026-08-29T12:25:55Z] p5-fin-mixed-k40-5         fact_financials,stg_daily_market       NRD=  0.479955 clean=0.0 (34.74s)
[2026-08-29T12:27:07Z] p5-fin-mixed-k40-5         fact_financials                        NRD=  0.479955 clean=0.0 (35.12s)
[2026-08-29T12:28:20Z] p5-fin-mixed-k40-5         stg_financial,fact_financials,stg_dail NRD=147.501666 clean=0.0950030517235714 (35.08s)
[2026-08-29T12:29:04Z] p5-fin-mixed-k40-5         stg_financial,stg_daily_market         NRD=147.501666 clean=0.0950030517235714 (20.63s)
[2026-08-29T12:29:46Z] p5-fin-mixed-k40-5         stg_financial                          NRD=147.501666 clean=0.0950030517235714 (20.81s)
[2026-08-29T12:30:08Z] p5-fin-mixed-k40-6         no_validation damage=0.0007776172289938087 (20.95s)
[2026-08-29T12:31:20Z] p5-fin-mixed-k40-6         fact_financials,stg_daily_market       NRD=  0.665005 clean=0.0 (35.5s)
[2026-08-29T12:32:24Z] p5-fin-mixed-k40-6         fact_financials                        NRD=  0.665005 clean=0.0 (31.15s)
[2026-08-29T12:33:36Z] p5-fin-mixed-k40-6         fact_financials,stg_daily_market       NRD=  0.583846 clean=0.0 (33.34s)
[2026-08-29T12:35:15Z] p5-fin-mixed-k40-6         fact_financials                        NRD=  0.583846 clean=0.0 (49.35s)
[2026-08-29T12:36:55Z] p5-fin-mixed-k40-6         stg_financial,fact_financials,stg_dail NRD=123.075730 clean=0.0950030517235714 (48.84s)
[2026-08-29T12:37:57Z] p5-fin-mixed-k40-6         stg_financial,stg_daily_market         NRD=123.075730 clean=0.0950030517235714 (30.94s)
[2026-08-29T12:38:57Z] p5-fin-mixed-k40-6         stg_financial                          NRD=123.075730 clean=0.0950030517235714 (29.9s)
[2026-08-29T12:39:29Z] p5-fin-mixed-k40-7         no_validation damage=0.0006472731205475105 (29.41s)
[2026-08-29T12:41:11Z] p5-fin-mixed-k40-7         fact_financials,stg_daily_market       NRD=  0.597545 clean=0.0 (49.42s)
[2026-08-29T12:42:53Z] p5-fin-mixed-k40-7         fact_financials                        NRD=  0.597545 clean=0.0 (50.16s)
[2026-08-29T12:44:36Z] p5-fin-mixed-k40-7         fact_financials,stg_daily_market       NRD=  0.449817 clean=0.0 (50.76s)
[2026-08-29T12:46:18Z] p5-fin-mixed-k40-7         fact_financials                        NRD=  0.449817 clean=0.0 (49.33s)
[2026-08-29T12:47:59Z] p5-fin-mixed-k40-7         stg_financial,fact_financials,stg_dail NRD=147.474928 clean=0.0950030517235714 (50.35s)
[2026-08-29T12:49:00Z] p5-fin-mixed-k40-7         stg_financial,stg_daily_market         NRD=147.474928 clean=0.0950030517235714 (30.42s)
[2026-08-29T12:50:00Z] p5-fin-mixed-k40-7         stg_financial                          NRD=147.474928 clean=0.0950030517235714 (29.43s)
[2026-08-29T12:50:31Z] p5-fin-mixed-k40-8         no_validation damage=0.0009079613374401069 (29.61s)
[2026-08-29T12:52:11Z] p5-fin-mixed-k40-8         fact_financials,stg_daily_market       NRD=  0.713096 clean=0.0 (49.43s)
[2026-08-29T12:53:53Z] p5-fin-mixed-k40-8         fact_financials                        NRD=  0.713096 clean=0.0 (51.54s)
[2026-08-29T12:55:34Z] p5-fin-mixed-k40-8         fact_financials,stg_daily_market       NRD=  0.607782 clean=0.0 (48.85s)
[2026-08-29T12:57:15Z] p5-fin-mixed-k40-8         fact_financials                        NRD=  0.607782 clean=0.0 (49.53s)
[2026-08-29T12:58:56Z] p5-fin-mixed-k40-8         stg_financial,fact_financials,stg_dail NRD=105.470571 clean=0.0950030517235714 (48.86s)
[2026-08-29T12:59:50Z] p5-fin-mixed-k40-8         stg_financial,stg_daily_market         NRD=105.470571 clean=0.0950030517235714 (27.01s)
[2026-08-29T13:00:44Z] p5-fin-mixed-k40-8         stg_financial                          NRD=105.470571 clean=0.0950030517235714 (27.16s)

[2026-08-29T13:00:44Z] DONE rows=32 failures=0 dbt_steps=360
artifact: /home/u0020090017/projects/lineageguard_claude/tpcdi/out-p5-S4/p5-measurement-mixed-k40-5_mixed-k40-6_mixed-k40-7_mixed-k40-8.json
sha256  : 4cfb20917ec971f82f3f92f96ecad79217176cc5749b1ec0ece21da8c84f7937
