[2026-08-29T12:22:18Z] p5-fin-num-k1-1            no_validation damage=1.933875241166228e-05 (23.48s)
[2026-08-29T12:23:33Z] p5-fin-num-k1-1            fact_financials,stg_daily_market       NRD=  1.000000 clean=0.0 (34.24s)
[2026-08-29T12:24:44Z] p5-fin-num-k1-1            fact_financials                        NRD=  1.000000 clean=0.0 (36.22s)
[2026-08-29T12:25:56Z] p5-fin-num-k1-1            fact_financials,stg_daily_market       NRD=  0.836760 clean=0.0 (35.27s)
[2026-08-29T12:27:07Z] p5-fin-num-k1-1            fact_financials                        NRD=  0.836760 clean=0.0 (34.06s)
[2026-08-29T12:28:20Z] p5-fin-num-k1-1            stg_financial,fact_financials,stg_dail NRD=4913.761511 clean=0.0950030517235714 (35.96s)
[2026-08-29T12:29:03Z] p5-fin-num-k1-1            stg_financial,stg_daily_market         NRD=4913.761511 clean=0.0950030517235714 (20.24s)
[2026-08-29T12:29:45Z] p5-fin-num-k1-1            stg_financial                          NRD=4913.761511 clean=0.0950030517235714 (20.74s)
[2026-08-29T12:30:07Z] p5-fin-num-k1-2            no_validation damage=1.933875241166228e-05 (21.07s)
[2026-08-29T12:31:18Z] p5-fin-num-k1-2            fact_financials,stg_daily_market       NRD=  1.000000 clean=0.0 (34.95s)
[2026-08-29T12:32:21Z] p5-fin-num-k1-2            fact_financials                        NRD=  1.000000 clean=0.0 (30.46s)
[2026-08-29T12:33:31Z] p5-fin-num-k1-2            fact_financials,stg_daily_market       NRD=  0.836760 clean=0.0 (33.42s)
[2026-08-29T12:35:13Z] p5-fin-num-k1-2            fact_financials                        NRD=  0.836760 clean=0.0 (50.21s)
[2026-08-29T12:36:54Z] p5-fin-num-k1-2            stg_financial,fact_financials,stg_dail NRD=4912.573971 clean=0.0950030517235714 (49.65s)
[2026-08-29T12:37:57Z] p5-fin-num-k1-2            stg_financial,stg_daily_market         NRD=4912.573971 clean=0.0950030517235714 (31.39s)
[2026-08-29T12:38:57Z] p5-fin-num-k1-2            stg_financial                          NRD=4912.573971 clean=0.0950030517235714 (29.93s)
[2026-08-29T12:39:30Z] p5-fin-num-k100-1          no_validation damage=0.002311882662889409 (30.25s)
[2026-08-29T12:41:11Z] p5-fin-num-k100-1          fact_financials,stg_daily_market       NRD=  1.000000 clean=0.0 (49.78s)
[2026-08-29T12:42:50Z] p5-fin-num-k100-1          fact_financials                        NRD=  1.000000 clean=0.0 (49.76s)
[2026-08-29T12:44:34Z] p5-fin-num-k100-1          fact_financials,stg_daily_market       NRD=  0.830234 clean=0.0 (50.93s)
[2026-08-29T12:46:15Z] p5-fin-num-k100-1          fact_financials                        NRD=  0.830234 clean=0.0 (48.97s)
[2026-08-29T12:47:57Z] p5-fin-num-k100-1          stg_financial,fact_financials,stg_dail NRD= 41.771811 clean=0.0950030517235714 (50.6s)
[2026-08-29T12:48:58Z] p5-fin-num-k100-1          stg_financial,stg_daily_market         NRD= 41.771811 clean=0.0950030517235714 (30.47s)
[2026-08-29T12:49:58Z] p5-fin-num-k100-1          stg_financial                          NRD= 41.771811 clean=0.0950030517235714 (30.23s)
[2026-08-29T12:50:28Z] p5-fin-num-k100-2          no_validation damage=0.0023249075665051225 (28.97s)
[2026-08-29T12:52:10Z] p5-fin-num-k100-2          fact_financials,stg_daily_market       NRD=  1.000000 clean=0.0 (49.1s)
[2026-08-29T12:53:49Z] p5-fin-num-k100-2          fact_financials                        NRD=  1.000000 clean=0.0 (48.78s)
[2026-08-29T12:55:29Z] p5-fin-num-k100-2          fact_financials,stg_daily_market       NRD=  0.820071 clean=0.0 (49.71s)
[2026-08-29T12:57:11Z] p5-fin-num-k100-2          fact_financials                        NRD=  0.820071 clean=0.0 (51.03s)
[2026-08-29T12:58:52Z] p5-fin-num-k100-2          stg_financial,fact_financials,stg_dail NRD= 41.572433 clean=0.0950030517235714 (50.03s)
[2026-08-29T12:59:47Z] p5-fin-num-k100-2          stg_financial,stg_daily_market         NRD= 41.572433 clean=0.0950030517235714 (26.55s)
[2026-08-29T13:00:39Z] p5-fin-num-k100-2          stg_financial                          NRD= 41.572433 clean=0.0950030517235714 (25.99s)

[2026-08-29T13:00:39Z] DONE rows=32 failures=0 dbt_steps=360
artifact: /home/u0020090017/projects/lineageguard_claude/tpcdi/out-p5-S1/p5-measurement-fin-num.json
sha256  : e0ba927b79de25fc508a726c14b7fa952a0322c5b33d9da393609744a7f3ad36
