[2026-08-29T12:33:53Z] p5-fin-num-k100-1          no_validation damage=0.002442226771335707 (29.34s)
[2026-08-29T12:35:34Z] p5-fin-num-k100-1          fact_financials,stg_daily_market       NRD=  1.000000 clean=0.0 (49.39s)
[2026-08-29T12:37:15Z] p5-fin-num-k100-1          fact_financials                        NRD=  1.000000 clean=0.0 (49.33s)
[2026-08-29T12:38:58Z] p5-fin-num-k100-1          fact_financials,stg_daily_market       NRD=  0.826064 clean=0.0 (52.51s)
[2026-08-29T12:40:40Z] p5-fin-num-k100-1          fact_financials                        NRD=  0.826064 clean=0.0 (50.53s)
[2026-08-29T12:42:22Z] p5-fin-num-k100-1          stg_financial,fact_financials,stg_dail NRD= 39.583981 clean=0.0950030517235714 (50.66s)
[2026-08-29T12:43:22Z] p5-fin-num-k100-1          stg_financial,stg_daily_market         NRD= 39.583981 clean=0.0950030517235714 (28.0s)
[2026-08-29T12:44:21Z] p5-fin-num-k100-1          stg_financial                          NRD= 39.583981 clean=0.0950030517235714 (28.95s)
[2026-08-29T12:44:53Z] p5-fin-num-k100-2          no_validation damage=0.002572570879782006 (31.03s)
[2026-08-29T12:46:34Z] p5-fin-num-k100-2          fact_financials,stg_daily_market       NRD=  1.000000 clean=0.0 (49.7s)
[2026-08-29T12:48:17Z] p5-fin-num-k100-2          fact_financials                        NRD=  1.000000 clean=0.0 (50.64s)
[2026-08-29T12:49:57Z] p5-fin-num-k100-2          fact_financials,stg_daily_market       NRD=  0.839902 clean=0.0 (49.0s)
[2026-08-29T12:51:38Z] p5-fin-num-k100-2          fact_financials                        NRD=  0.839902 clean=0.0 (49.6s)
[2026-08-29T12:53:20Z] p5-fin-num-k100-2          stg_financial,fact_financials,stg_dail NRD= 37.593303 clean=0.0950030517235714 (50.19s)
[2026-08-29T12:54:20Z] p5-fin-num-k100-2          stg_financial,stg_daily_market         NRD= 37.593303 clean=0.0950030517235714 (28.99s)
[2026-08-29T12:55:20Z] p5-fin-num-k100-2          stg_financial                          NRD= 37.593303 clean=0.0950030517235714 (28.71s)
[2026-08-29T12:55:49Z] p5-fin-dup-k1-1            no_validation damage=1.3024903615713245e-05 (28.58s)
[2026-08-29T12:57:30Z] p5-fin-dup-k1-1            fact_financials,stg_daily_market       NRD=  0.000000 clean=0.0 (48.8s)
[2026-08-29T12:59:09Z] p5-fin-dup-k1-1            fact_financials                        NRD=  0.000000 clean=0.0 (50.06s)
[2026-08-29T13:00:39Z] p5-fin-dup-k1-1            fact_financials,stg_daily_market       NRD=  0.000000 clean=0.0 (43.85s)
[2026-08-29T13:01:42Z] p5-fin-dup-k1-1            fact_financials                        NRD=  0.000000 clean=0.0 (32.99s)
[2026-08-29T13:02:42Z] p5-fin-dup-k1-1            stg_financial,fact_financials,stg_dail NRD=7295.717502 clean=0.0950030517235714 (29.64s)
[2026-08-29T13:03:20Z] p5-fin-dup-k1-1            stg_financial,stg_daily_market         NRD=7295.717502 clean=0.0950030517235714 (17.95s)
[2026-08-29T13:03:55Z] p5-fin-dup-k1-1            stg_financial                          NRD=7295.717502 clean=0.0950030517235714 (17.28s)
[2026-08-29T13:04:13Z] p5-fin-dup-k1-2            no_validation damage=1.3024903615713245e-05 (17.61s)
[2026-08-29T13:05:13Z] p5-fin-dup-k1-2            fact_financials,stg_daily_market       NRD=  0.000000 clean=0.0 (28.87s)
[2026-08-29T13:06:14Z] p5-fin-dup-k1-2            fact_financials                        NRD=  0.000000 clean=0.0 (29.96s)
[2026-08-29T13:07:16Z] p5-fin-dup-k1-2            fact_financials,stg_daily_market       NRD=  0.000000 clean=0.0 (30.39s)
[2026-08-29T13:08:18Z] p5-fin-dup-k1-2            fact_financials                        NRD=  0.000000 clean=0.0 (30.82s)
[2026-08-29T13:09:20Z] p5-fin-dup-k1-2            stg_financial,fact_financials,stg_dail NRD=7293.954299 clean=0.0950030517235714 (30.54s)
[2026-08-29T13:09:57Z] p5-fin-dup-k1-2            stg_financial,stg_daily_market         NRD=7293.954299 clean=0.0950030517235714 (17.88s)
[2026-08-29T13:10:36Z] p5-fin-dup-k1-2            stg_financial                          NRD=7293.954299 clean=0.0950030517235714 (18.82s)
[2026-08-29T13:10:54Z] p5-fin-dup-k100-1          no_validation damage=0.0013024903615713244 (17.92s)
[2026-08-29T13:11:56Z] p5-fin-dup-k100-1          fact_financials,stg_daily_market       NRD=  0.000000 clean=0.0 (30.34s)
[2026-08-29T13:12:56Z] p5-fin-dup-k100-1          fact_financials                        NRD=  0.000000 clean=0.0 (29.57s)
[2026-08-29T13:13:56Z] p5-fin-dup-k100-1          fact_financials,stg_daily_market       NRD=  0.000000 clean=0.0 (29.39s)
[2026-08-29T13:14:59Z] p5-fin-dup-k100-1          fact_financials                        NRD=  0.000000 clean=0.0 (29.93s)
[2026-08-29T13:16:02Z] p5-fin-dup-k100-1          stg_financial,fact_financials,stg_dail NRD= 74.037895 clean=0.0950030517235714 (31.07s)
[2026-08-29T13:16:39Z] p5-fin-dup-k100-1          stg_financial,stg_daily_market         NRD= 74.037895 clean=0.0950030517235714 (18.0s)
[2026-08-29T13:17:17Z] p5-fin-dup-k100-1          stg_financial                          NRD= 74.037895 clean=0.0950030517235714 (18.84s)
[2026-08-29T13:17:36Z] p5-fin-dup-k100-2          no_validation damage=0.0013024903615713244 (17.75s)
[2026-08-29T13:18:38Z] p5-fin-dup-k100-2          fact_financials,stg_daily_market       NRD=  0.000000 clean=0.0 (30.24s)
[2026-08-29T13:19:42Z] p5-fin-dup-k100-2          fact_financials                        NRD=  0.000000 clean=0.0 (31.6s)
[2026-08-29T13:20:45Z] p5-fin-dup-k100-2          fact_financials,stg_daily_market       NRD=  0.000000 clean=0.0 (31.36s)
[2026-08-29T13:21:49Z] p5-fin-dup-k100-2          fact_financials                        NRD=  0.000000 clean=0.0 (31.52s)
[2026-08-29T13:22:52Z] p5-fin-dup-k100-2          stg_financial,fact_financials,stg_dail NRD= 74.161472 clean=0.0950030517235714 (31.52s)
[2026-08-29T13:23:31Z] p5-fin-dup-k100-2          stg_financial,stg_daily_market         NRD= 74.161472 clean=0.0950030517235714 (18.73s)
[2026-08-29T13:24:08Z] p5-fin-dup-k100-2          stg_financial                          NRD= 74.161472 clean=0.0950030517235714 (18.27s)

[2026-08-29T13:24:08Z] DONE rows=48 failures=0 dbt_steps=540
artifact: /home/u0020090017/projects/lineageguard_claude/tpcdi/out-p5A-T2/p5-measurement-fin-num-k100_fin-dup.json
sha256  : 6ef3a4b6e855f917a80ed7ab8e40bb6ed67fcf28f8737d5025a9e2e5ca0ff42b
