[2026-08-29T12:33:46Z] p5-mkt-num-k10-1           no_validation damage=0.01065030134573575 (22.32s)
[2026-08-29T12:34:34Z] p5-mkt-num-k10-1           fact_financials,stg_daily_market       NRD=  1.000000 clean=0.0 (23.31s)
[2026-08-29T12:35:19Z] p5-mkt-num-k10-1           fact_financials                        NRD=  1.000000 clean=0.0 (22.0s)
[2026-08-29T12:36:07Z] p5-mkt-num-k10-1           fact_financials,stg_daily_market       NRD=  1.000000 clean=0.0 (23.86s)
[2026-08-29T12:36:52Z] p5-mkt-num-k10-1           fact_financials                        NRD=  1.000000 clean=0.0 (22.86s)
[2026-08-29T12:38:09Z] p5-mkt-num-k10-1           stg_financial,fact_financials,stg_dail NRD=  1.000000 clean=0.0 (39.29s)
[2026-08-29T12:38:57Z] p5-mkt-num-k10-1           stg_financial,stg_daily_market         NRD=  1.000000 clean=0.0 (23.16s)
[2026-08-29T12:39:46Z] p5-mkt-num-k10-1           stg_financial                          NRD=  1.000000 clean=0.0 (24.58s)
[2026-08-29T12:40:08Z] p5-mkt-num-k10-2           no_validation damage=0.01065030134573575 (21.56s)
[2026-08-29T12:40:54Z] p5-mkt-num-k10-2           fact_financials,stg_daily_market       NRD=  1.000000 clean=0.0 (22.85s)
[2026-08-29T12:41:42Z] p5-mkt-num-k10-2           fact_financials                        NRD=  1.000000 clean=0.0 (23.94s)
[2026-08-29T12:42:30Z] p5-mkt-num-k10-2           fact_financials,stg_daily_market       NRD=  1.000000 clean=0.0 (22.08s)
[2026-08-29T12:43:18Z] p5-mkt-num-k10-2           fact_financials                        NRD=  1.000000 clean=0.0 (23.03s)
[2026-08-29T12:44:31Z] p5-mkt-num-k10-2           stg_financial,fact_financials,stg_dail NRD=  1.000000 clean=0.0 (35.5s)
[2026-08-29T12:45:18Z] p5-mkt-num-k10-2           stg_financial,stg_daily_market         NRD=  1.000000 clean=0.0 (22.66s)
[2026-08-29T12:46:05Z] p5-mkt-num-k10-2           stg_financial                          NRD=  1.000000 clean=0.0 (22.36s)
[2026-08-29T12:46:29Z] p5-mkt-dup-k10-1           no_validation damage=0.01065030134573575 (23.9s)
[2026-08-29T12:47:15Z] p5-mkt-dup-k10-1           fact_financials,stg_daily_market       NRD=  0.000000 clean=0.0 (22.16s)
[2026-08-29T12:48:03Z] p5-mkt-dup-k10-1           fact_financials                        NRD=  1.000000 clean=0.0 (23.88s)
[2026-08-29T12:48:52Z] p5-mkt-dup-k10-1           fact_financials,stg_daily_market       NRD=  0.000000 clean=0.0 (25.36s)
[2026-08-29T12:49:39Z] p5-mkt-dup-k10-1           fact_financials                        NRD=  1.000000 clean=0.0 (23.29s)
[2026-08-29T12:50:54Z] p5-mkt-dup-k10-1           stg_financial,fact_financials,stg_dail NRD=  1.000000 clean=0.0 (37.51s)
[2026-08-29T12:51:42Z] p5-mkt-dup-k10-1           stg_financial,stg_daily_market         NRD=  1.000000 clean=0.0 (23.16s)
[2026-08-29T12:52:30Z] p5-mkt-dup-k10-1           stg_financial                          NRD=  1.000000 clean=0.0 (23.17s)
[2026-08-29T12:52:53Z] p5-mkt-dup-k10-2           no_validation damage=0.009665079670858903 (22.39s)
[2026-08-29T12:53:40Z] p5-mkt-dup-k10-2           fact_financials,stg_daily_market       NRD=  0.000000 clean=0.0 (22.55s)
[2026-08-29T12:54:27Z] p5-mkt-dup-k10-2           fact_financials                        NRD=  1.000000 clean=0.0 (23.4s)
[2026-08-29T12:55:13Z] p5-mkt-dup-k10-2           fact_financials,stg_daily_market       NRD=  0.000000 clean=0.0 (22.61s)
[2026-08-29T12:56:01Z] p5-mkt-dup-k10-2           fact_financials                        NRD=  1.000000 clean=0.0 (22.83s)
[2026-08-29T12:57:14Z] p5-mkt-dup-k10-2           stg_financial,fact_financials,stg_dail NRD=  1.000000 clean=0.0 (36.15s)
[2026-08-29T12:58:02Z] p5-mkt-dup-k10-2           stg_financial,stg_daily_market         NRD=  1.000000 clean=0.0 (23.91s)
[2026-08-29T12:58:51Z] p5-mkt-dup-k10-2           stg_financial                          NRD=  1.000000 clean=0.0 (24.74s)

[2026-08-29T12:58:51Z] DONE rows=32 failures=0 dbt_steps=196
artifact: /home/u0020090017/projects/lineageguard_claude/tpcdi/out-p5A-T4/p5-measurement-mkt-.json
sha256  : 23ad210fb0f184a39771799d4f33c5d7f73da31c19214940611a085439ec4ce4
