[2026-08-29T12:33:54Z] p5-fin-null-k10-1          no_validation damage=0.00045407574100921923 (30.39s)
[2026-08-29T12:35:36Z] p5-fin-null-k10-1          fact_financials,stg_daily_market       NRD=  1.000000 clean=0.0 (50.27s)
[2026-08-29T12:37:17Z] p5-fin-null-k10-1          fact_financials                        NRD=  1.000000 clean=0.0 (48.64s)
[2026-08-29T12:38:58Z] p5-fin-null-k10-1          fact_financials,stg_daily_market       NRD=  1.000000 clean=0.0 (50.56s)
[2026-08-29T12:40:39Z] p5-fin-null-k10-1          fact_financials                        NRD=  1.000000 clean=0.0 (49.37s)
[2026-08-29T12:42:22Z] p5-fin-null-k10-1          stg_financial,fact_financials,stg_dail NRD=210.188928 clean=0.0950030517235714 (49.92s)
[2026-08-29T12:43:24Z] p5-fin-null-k10-1          stg_financial,stg_daily_market         NRD=210.188928 clean=0.0950030517235714 (31.47s)
[2026-08-29T12:44:22Z] p5-fin-null-k10-1          stg_financial                          NRD=210.188928 clean=0.0950030517235714 (27.66s)
[2026-08-29T12:44:54Z] p5-fin-null-k10-2          no_validation damage=0.0001933875241166228 (30.39s)
[2026-08-29T12:46:37Z] p5-fin-null-k10-2          fact_financials,stg_daily_market       NRD=  1.000000 clean=0.0 (50.39s)
[2026-08-29T12:48:18Z] p5-fin-null-k10-2          fact_financials                        NRD=  1.000000 clean=0.0 (49.51s)
[2026-08-29T12:49:59Z] p5-fin-null-k10-2          fact_financials,stg_daily_market       NRD=  1.000000 clean=0.0 (49.44s)
[2026-08-29T12:51:42Z] p5-fin-null-k10-2          fact_financials                        NRD=  1.000000 clean=0.0 (50.95s)
[2026-08-29T12:53:23Z] p5-fin-null-k10-2          stg_financial,fact_financials,stg_dail NRD=491.613664 clean=0.0950030517235714 (50.39s)
[2026-08-29T12:54:22Z] p5-fin-null-k10-2          stg_financial,stg_daily_market         NRD=491.613664 clean=0.0950030517235714 (28.01s)
[2026-08-29T12:55:23Z] p5-fin-null-k10-2          stg_financial                          NRD=491.613664 clean=0.0950030517235714 (30.26s)
[2026-08-29T12:55:54Z] p5-fin-mixed-k40-1         no_validation damage=0.0007776172289938087 (30.46s)
[2026-08-29T12:57:33Z] p5-fin-mixed-k40-1         fact_financials,stg_daily_market       NRD=  0.665005 clean=0.0 (48.55s)
[2026-08-29T12:59:11Z] p5-fin-mixed-k40-1         fact_financials                        NRD=  0.665005 clean=0.0 (49.62s)
[2026-08-29T13:00:41Z] p5-fin-mixed-k40-1         fact_financials,stg_daily_market       NRD=  0.575486 clean=0.0 (44.11s)
[2026-08-29T13:01:44Z] p5-fin-mixed-k40-1         fact_financials                        NRD=  0.575486 clean=0.0 (32.69s)
[2026-08-29T13:02:45Z] p5-fin-mixed-k40-1         stg_financial,fact_financials,stg_dail NRD=123.250769 clean=0.0950030517235714 (29.58s)
[2026-08-29T13:03:22Z] p5-fin-mixed-k40-1         stg_financial,stg_daily_market         NRD=123.250769 clean=0.0950030517235714 (17.71s)
[2026-08-29T13:03:57Z] p5-fin-mixed-k40-1         stg_financial                          NRD=123.250769 clean=0.0950030517235714 (17.51s)
[2026-08-29T13:04:15Z] p5-fin-mixed-k40-2         no_validation damage=0.0007776172289938087 (17.72s)
[2026-08-29T13:05:15Z] p5-fin-mixed-k40-2         fact_financials,stg_daily_market       NRD=  0.665005 clean=0.0 (29.64s)
[2026-08-29T13:06:16Z] p5-fin-mixed-k40-2         fact_financials                        NRD=  0.665005 clean=0.0 (30.32s)
[2026-08-29T13:07:19Z] p5-fin-mixed-k40-2         fact_financials,stg_daily_market       NRD=  0.567125 clean=0.0 (30.76s)
[2026-08-29T13:08:21Z] p5-fin-mixed-k40-2         fact_financials                        NRD=  0.567125 clean=0.0 (30.8s)
[2026-08-29T13:09:24Z] p5-fin-mixed-k40-2         stg_financial,fact_financials,stg_dail NRD=123.120110 clean=0.0950030517235714 (30.79s)
[2026-08-29T13:10:02Z] p5-fin-mixed-k40-2         stg_financial,stg_daily_market         NRD=123.120110 clean=0.0950030517235714 (17.73s)
[2026-08-29T13:10:41Z] p5-fin-mixed-k40-2         stg_financial                          NRD=123.120110 clean=0.0950030517235714 (18.29s)

[2026-08-29T13:10:41Z] DONE rows=32 failures=0 dbt_steps=360
artifact: /home/u0020090017/projects/lineageguard_claude/tpcdi/out-p5A-T3/p5-measurement-fin-null_fin-mixed.json
sha256  : 13d844f346c14f9bcf1005b1f13e16d168eca6a7718831d305d9f68a5248ecf3
