[2026-08-29T12:33:53Z] p5-fin-num-k1-1            no_validation damage=1.933875241166228e-05 (29.29s)
[2026-08-29T12:35:35Z] p5-fin-num-k1-1            fact_financials,stg_daily_market       NRD=  1.000000 clean=0.0 (50.35s)
[2026-08-29T12:37:17Z] p5-fin-num-k1-1            fact_financials                        NRD=  1.000000 clean=0.0 (50.55s)
[2026-08-29T12:39:02Z] p5-fin-num-k1-1            fact_financials,stg_daily_market       NRD=  0.836760 clean=0.0 (52.3s)
[2026-08-29T12:40:43Z] p5-fin-num-k1-1            fact_financials                        NRD=  0.836760 clean=0.0 (50.28s)
[2026-08-29T12:42:23Z] p5-fin-num-k1-1            stg_financial,fact_financials,stg_dail NRD=4912.573971 clean=0.0950030517235714 (49.84s)
[2026-08-29T12:43:26Z] p5-fin-num-k1-1            stg_financial,stg_daily_market         NRD=4912.573971 clean=0.0950030517235714 (30.15s)
[2026-08-29T12:44:28Z] p5-fin-num-k1-1            stg_financial                          NRD=4912.573971 clean=0.0950030517235714 (29.58s)
[2026-08-29T12:44:58Z] p5-fin-num-k1-2            no_validation damage=0.0001496828608579605 (29.26s)
[2026-08-29T12:46:39Z] p5-fin-num-k1-2            fact_financials,stg_daily_market       NRD=  1.000000 clean=0.0 (49.94s)
[2026-08-29T12:48:22Z] p5-fin-num-k1-2            fact_financials                        NRD=  1.000000 clean=0.0 (50.34s)
[2026-08-29T12:50:04Z] p5-fin-num-k1-2            fact_financials,stg_daily_market       NRD=  0.978910 clean=0.0 (49.84s)
[2026-08-29T12:51:44Z] p5-fin-num-k1-2            fact_financials                        NRD=  0.978910 clean=0.0 (48.89s)
[2026-08-29T12:53:26Z] p5-fin-num-k1-2            stg_financial,fact_financials,stg_dail NRD=635.719820 clean=0.0950030517235714 (50.98s)
[2026-08-29T12:54:25Z] p5-fin-num-k1-2            stg_financial,stg_daily_market         NRD=635.719820 clean=0.0950030517235714 (29.17s)
[2026-08-29T12:55:28Z] p5-fin-num-k1-2            stg_financial                          NRD=635.719820 clean=0.0950030517235714 (30.26s)
[2026-08-29T12:55:58Z] p5-fin-num-k10-1           no_validation damage=0.0001933875241166228 (29.0s)
[2026-08-29T12:57:39Z] p5-fin-num-k10-1           fact_financials,stg_daily_market       NRD=  1.000000 clean=0.0 (49.35s)
[2026-08-29T12:59:16Z] p5-fin-num-k10-1           fact_financials                        NRD=  1.000000 clean=0.0 (49.14s)
[2026-08-29T13:00:45Z] p5-fin-num-k10-1           fact_financials,stg_daily_market       NRD=  0.769497 clean=0.0 (44.41s)
[2026-08-29T13:01:47Z] p5-fin-num-k10-1           fact_financials                        NRD=  0.769497 clean=0.0 (31.33s)
[2026-08-29T13:02:48Z] p5-fin-num-k10-1           stg_financial,fact_financials,stg_dail NRD=491.376151 clean=0.0950030517235714 (29.87s)
[2026-08-29T13:03:24Z] p5-fin-num-k10-1           stg_financial,stg_daily_market         NRD=491.376151 clean=0.0950030517235714 (17.49s)
[2026-08-29T13:04:00Z] p5-fin-num-k10-1           stg_financial                          NRD=491.376151 clean=0.0950030517235714 (17.95s)
[2026-08-29T13:04:18Z] p5-fin-num-k10-2           no_validation damage=0.0001933875241166228 (17.64s)
[2026-08-29T13:05:18Z] p5-fin-num-k10-2           fact_financials,stg_daily_market       NRD=  1.000000 clean=0.0 (29.05s)
[2026-08-29T13:06:19Z] p5-fin-num-k10-2           fact_financials                        NRD=  1.000000 clean=0.0 (30.07s)
[2026-08-29T13:07:21Z] p5-fin-num-k10-2           fact_financials,stg_daily_market       NRD=  0.836793 clean=0.0 (30.46s)
[2026-08-29T13:08:23Z] p5-fin-num-k10-2           fact_financials                        NRD=  0.836793 clean=0.0 (30.15s)
[2026-08-29T13:09:24Z] p5-fin-num-k10-2           stg_financial,fact_financials,stg_dail NRD=491.851184 clean=0.0950030517235714 (30.33s)
[2026-08-29T13:10:02Z] p5-fin-num-k10-2           stg_financial,stg_daily_market         NRD=491.851184 clean=0.0950030517235714 (17.4s)
[2026-08-29T13:10:41Z] p5-fin-num-k10-2           stg_financial                          NRD=491.851184 clean=0.0950030517235714 (18.3s)
[2026-08-29T13:11:00Z] p5-fin-num-k100-1          no_validation damage=0.002442226771335707 (17.71s)
[2026-08-29T13:12:01Z] p5-fin-num-k100-1          fact_financials,stg_daily_market       NRD=  1.000000 clean=0.0 (30.25s)
[2026-08-29T13:13:00Z] p5-fin-num-k100-1          fact_financials                        NRD=  1.000000 clean=0.0 (29.41s)
[2026-08-29T13:14:01Z] p5-fin-num-k100-1          fact_financials,stg_daily_market       NRD=  0.826064 clean=0.0 (29.64s)
[2026-08-29T13:15:03Z] p5-fin-num-k100-1          fact_financials                        NRD=  0.826064 clean=0.0 (30.15s)
[2026-08-29T13:16:06Z] p5-fin-num-k100-1          stg_financial,fact_financials,stg_dail NRD= 39.583981 clean=0.0950030517235714 (31.62s)
[2026-08-29T13:16:44Z] p5-fin-num-k100-1          stg_financial,stg_daily_market         NRD= 39.583981 clean=0.0950030517235714 (18.45s)
[2026-08-29T13:17:22Z] p5-fin-num-k100-1          stg_financial                          NRD= 39.583981 clean=0.0950030517235714 (18.78s)
[2026-08-29T13:17:41Z] p5-fin-num-k100-2          no_validation damage=0.002572570879782006 (18.08s)
[2026-08-29T13:18:42Z] p5-fin-num-k100-2          fact_financials,stg_daily_market       NRD=  1.000000 clean=0.0 (29.77s)
[2026-08-29T13:19:46Z] p5-fin-num-k100-2          fact_financials                        NRD=  1.000000 clean=0.0 (31.29s)
[2026-08-29T13:20:50Z] p5-fin-num-k100-2          fact_financials,stg_daily_market       NRD=  0.839902 clean=0.0 (31.35s)
[2026-08-29T13:21:53Z] p5-fin-num-k100-2          fact_financials                        NRD=  0.839902 clean=0.0 (31.34s)
[2026-08-29T13:22:57Z] p5-fin-num-k100-2          stg_financial,fact_financials,stg_dail NRD= 37.593303 clean=0.0950030517235714 (31.61s)
[2026-08-29T13:23:35Z] p5-fin-num-k100-2          stg_financial,stg_daily_market         NRD= 37.593303 clean=0.0950030517235714 (19.61s)
[2026-08-29T13:24:13Z] p5-fin-num-k100-2          stg_financial                          NRD= 37.593303 clean=0.0950030517235714 (18.45s)

[2026-08-29T13:24:13Z] DONE rows=48 failures=0 dbt_steps=540
artifact: /home/u0020090017/projects/lineageguard_claude/tpcdi/out-p5A-T1/p5-measurement-fin-num-k1_fin-num-k10.json
sha256  : 9305a624b8910a86cbc76ea5af2e22a726a13bcfbd2ac3e9335f96d5684f31a7
